
Allocating common symbols
Common symbol       size              file

pcb2                0x3c              build/kmain.o
p2                  0x4               build/kmain.o
kernel_heap_limit   0x4               build/kheap.o
kmain_process       0x3c              build/sched.o
p1                  0x4               build/kmain.o
kernel_heap_top     0x4               build/kheap.o
pcb1                0x3c              build/kmain.o
current_process     0x4               build/sched.o
uart_error          0x4               build/uart.o

Memory Configuration

Name             Origin             Length             Attributes
RAM              0x0000000000008000 0x000000001fff8000
PERIPHERALS      0x0000000020000000 0x0000000000ffffff
*default*        0x0000000000000000 0xffffffffffffffff

Linker script and memory map

LOAD build/kheap.o
LOAD build/syscall.o
LOAD build/init.o
LOAD build/hw.o
LOAD build/uart.o
LOAD build/pwm.o
LOAD build/sched.o
LOAD build/util.o
LOAD build/asm_tools.o
LOAD build/kmain.o
                0x0000000000000200                KERNEL_STACK_SIZE = 0x200
                0x0000000000000200                SYS_STACK_SIZE = 0x200
                0x0000000000000200                IRQ_STACK_SIZE = 0x200
                0x0000000000100000                USER_STACKS_SIZE = 0x100000

.text           0x0000000000008000     0x1510
 build/init.o(.text*)
 .text          0x0000000000008000       0xc4 build/init.o
                0x0000000000008000                _start
 *(.text*)
 .text          0x00000000000080c4      0x360 build/kheap.o
                0x00000000000080c4                aligned_value
                0x0000000000008110                kAlloc_aligned
                0x00000000000082c4                kAlloc
                0x00000000000083b0                kFree
                0x00000000000083f8                kheap_init
 .text          0x0000000000008424      0x33c build/syscall.o
                0x0000000000008424                sys_reboot
                0x0000000000008430                sys_nop
                0x000000000000843c                sys_settime
                0x0000000000008480                sys_gettime
                0x00000000000084e4                sys_yieldto
                0x0000000000008504                do_sys_reboot
                0x000000000000850c                do_sys_nop
                0x0000000000008510                do_sys_settime
                0x0000000000008560                do_sys_gettime
                0x00000000000085b0                do_sys_yieldto
                0x00000000000086d4                swi_handler
 .text          0x0000000000008760      0x3b4 build/hw.o
                0x0000000000008760                divide
                0x00000000000087c8                get_date_ms
                0x00000000000087ec                set_date_ms
                0x0000000000008888                set_next_tick
                0x00000000000088e0                set_next_tick_default
                0x000000000000892c                timer_init
                0x0000000000008958                led_on
                0x0000000000008994                led_off
                0x00000000000089d0                led_switch
                0x00000000000089fc                led_status
                0x0000000000008a10                led_init
                0x0000000000008a44                led_blink
                0x0000000000008ae4                hw_init
                0x0000000000008af4                terminate_kernel
 .text          0x0000000000008b14      0x670 build/uart.o
                0x0000000000008b14                uart_init
                0x0000000000008c30                uart_send_str
                0x0000000000008ccc                uart_send_int
                0x0000000000008ec4                uart_receive_str
                0x0000000000008fa4                uart_receive_int
                0x0000000000009150                uart_is_receive_fifo_empty
 .text          0x0000000000009184      0x224 build/pwm.o
                0x000000000000931c                audio_test
 .text          0x00000000000093a8       0x18 build/sched.o
                0x00000000000093a8                sched_init
 .text          0x00000000000093c0       0x10 build/util.o
                0x00000000000093c0                kernel_panic
 .text          0x00000000000093d0       0x48 build/asm_tools.o
                0x00000000000093d0                Set32
                0x00000000000093d8                Get32
                0x00000000000093e0                delay
                0x00000000000093f4                memory_barrier
                0x000000000000940c                invalidate_cache
 .text          0x0000000000009418       0xf8 build/kmain.o
                0x0000000000009418                user_process_1
                0x000000000000944c                user_process_2
                0x0000000000009480                kmain
                0x0000000000009510                __bss_start = .

.glue_7         0x0000000000009510        0x0
 .glue_7        0x0000000000000000        0x0 linker stubs

.glue_7t        0x0000000000009510        0x0
 .glue_7t       0x0000000000000000        0x0 linker stubs

.vfp11_veneer   0x0000000000009510        0x0
 .vfp11_veneer  0x0000000000000000        0x0 linker stubs

.v4_bx          0x0000000000009510        0x0
 .v4_bx         0x0000000000000000        0x0 linker stubs

.iplt           0x0000000000009510        0x0
 .iplt          0x0000000000000000        0x0 build/kheap.o

.bss            0x0000000000009510       0xd4
 *(.bss*)
 .bss           0x0000000000009510        0x4 build/kheap.o
                0x0000000000009510                freelist
 .bss           0x0000000000009514        0x0 build/syscall.o
 .bss           0x0000000000009514        0x0 build/init.o
 .bss           0x0000000000009514        0x4 build/hw.o
 .bss           0x0000000000009518        0x0 build/uart.o
 .bss           0x0000000000009518        0x0 build/pwm.o
 .bss           0x0000000000009518        0x0 build/sched.o
 .bss           0x0000000000009518        0x0 build/util.o
 .bss           0x0000000000009518        0x0 build/asm_tools.o
 .bss           0x0000000000009518        0x0 build/kmain.o
 COMMON         0x0000000000009518        0x8 build/kheap.o
                0x0000000000009518                kernel_heap_limit
                0x000000000000951c                kernel_heap_top
 COMMON         0x0000000000009520        0x4 build/uart.o
                0x0000000000009520                uart_error
 COMMON         0x0000000000009524       0x40 build/sched.o
                0x0000000000009524                kmain_process
                0x0000000000009560                current_process
 COMMON         0x0000000000009564       0x80 build/kmain.o
                0x0000000000009564                pcb2
                0x00000000000095a0                p2
                0x00000000000095a4                p1
                0x00000000000095a8                pcb1
                0x00000000000095e4                __bss_end__ = .
                0x00000000000095e4                __rodata_start__ = .

.rodata         0x00000000000095e4       0x58
 *(.rodata*)
 .rodata        0x00000000000095e4       0x10 build/syscall.o
 .rodata        0x00000000000095f4       0x18 build/hw.o
 .rodata        0x000000000000960c       0x28 build/uart.o
 .rodata        0x0000000000009634        0x8 build/kmain.o
                0x000000000000963c                __rodata_end__ = .
                0x000000000000963c                __data_start__ = .

.rel.dyn        0x000000000000963c        0x0
 .rel.iplt      0x0000000000000000        0x0 build/kheap.o

.data           0x000000000000963c        0xc
 *(.data)
 .data          0x000000000000963c        0x0 build/kheap.o
 .data          0x000000000000963c        0x0 build/syscall.o
 .data          0x000000000000963c        0x0 build/init.o
 .data          0x000000000000963c        0x0 build/hw.o
 .data          0x000000000000963c        0x0 build/uart.o
 .data          0x000000000000963c        0xc build/pwm.o
 .data          0x0000000000009648        0x0 build/sched.o
 .data          0x0000000000009648        0x0 build/util.o
 .data          0x0000000000009648        0x0 build/asm_tools.o
 .data          0x0000000000009648        0x0 build/kmain.o
                0x0000000000009648                __data_end__ = .

.igot.plt       0x0000000000009648        0x0
 .igot.plt      0x0000000000000000        0x0 build/kheap.o

.stack          0x0000000000009648      0x600
                0x0000000000009648                __stack_start__ = .
                0x0000000000009848                . = (. + KERNEL_STACK_SIZE)
 *fill*         0x0000000000009648      0x200 00
                0x0000000000009848                . = ALIGN (0x4)
                0x0000000000009848                __svc_stack_end__ = .
                0x0000000000009a48                . = (. + SYS_STACK_SIZE)
 *fill*         0x0000000000009848      0x200 00
                0x0000000000009a48                . = ALIGN (0x4)
                0x0000000000009a48                __sys_stack_end__ = .
                0x0000000000009c48                . = (. + IRQ_STACK_SIZE)
 *fill*         0x0000000000009a48      0x200 00
                0x0000000000009c48                . = ALIGN (0x4)
                0x0000000000009c48                __irq_stack_end__ = .
                0x0000000000009c48                __stacks_end__ = .
                0x000000000000a000                . = ALIGN (0x1000)
                0x000000000000a000                __kernel_heap_start__ = .
                0x0000000000ffffff                . = 0xffffff
                0x0000000000ffffff                __kernel_heap_end__ = .
                0x0000000001000000                . = ALIGN (0x1000)
                0x0000000001000000                __after_kernel_heap__ = .
                0x0000000020000000                . = 0x20000000

.devices        0x0000000020000000   0xffffff
                0x0000000020000000                __devices_start__ = .
                0x0000000020ffffff                . = (. + 0xffffff)
 *fill*         0x0000000020000000   0xffffff 00
                0x0000000020ffffff                __devices_end__ = .
OUTPUT(build/kernel.elf elf32-littlearm)

.debug_info     0x0000000000000000     0x1262
 .debug_info    0x0000000000000000      0x2ad build/kheap.o
 .debug_info    0x00000000000002ad      0x455 build/syscall.o
 .debug_info    0x0000000000000702       0x57 build/init.o
 .debug_info    0x0000000000000759      0x2da build/hw.o
 .debug_info    0x0000000000000a33      0x280 build/uart.o
 .debug_info    0x0000000000000cb3      0x146 build/pwm.o
 .debug_info    0x0000000000000df9      0x195 build/sched.o
 .debug_info    0x0000000000000f8e       0x71 build/util.o
 .debug_info    0x0000000000000fff       0x5c build/asm_tools.o
 .debug_info    0x000000000000105b      0x207 build/kmain.o

.debug_abbrev   0x0000000000000000      0x72a
 .debug_abbrev  0x0000000000000000      0x12d build/kheap.o
 .debug_abbrev  0x000000000000012d      0x118 build/syscall.o
 .debug_abbrev  0x0000000000000245       0x14 build/init.o
 .debug_abbrev  0x0000000000000259      0x146 build/hw.o
 .debug_abbrev  0x000000000000039f      0x10a build/uart.o
 .debug_abbrev  0x00000000000004a9       0xaf build/pwm.o
 .debug_abbrev  0x0000000000000558       0x94 build/sched.o
 .debug_abbrev  0x00000000000005ec       0x5c build/util.o
 .debug_abbrev  0x0000000000000648       0x14 build/asm_tools.o
 .debug_abbrev  0x000000000000065c       0xce build/kmain.o

.debug_loc      0x0000000000000000      0x564
 .debug_loc     0x0000000000000000       0xa4 build/kheap.o
 .debug_loc     0x00000000000000a4       0xe4 build/syscall.o
 .debug_loc     0x0000000000000188      0x1dc build/hw.o
 .debug_loc     0x0000000000000364       0xf0 build/uart.o
 .debug_loc     0x0000000000000454       0x78 build/pwm.o
 .debug_loc     0x00000000000004cc       0x20 build/util.o
 .debug_loc     0x00000000000004ec       0x78 build/kmain.o

.debug_aranges  0x0000000000000000      0x140
 .debug_aranges
                0x0000000000000000       0x20 build/kheap.o
 .debug_aranges
                0x0000000000000020       0x20 build/syscall.o
 .debug_aranges
                0x0000000000000040       0x20 build/init.o
 .debug_aranges
                0x0000000000000060       0x20 build/hw.o
 .debug_aranges
                0x0000000000000080       0x20 build/uart.o
 .debug_aranges
                0x00000000000000a0       0x20 build/pwm.o
 .debug_aranges
                0x00000000000000c0       0x20 build/sched.o
 .debug_aranges
                0x00000000000000e0       0x20 build/util.o
 .debug_aranges
                0x0000000000000100       0x20 build/asm_tools.o
 .debug_aranges
                0x0000000000000120       0x20 build/kmain.o

.debug_line     0x0000000000000000      0x6ce
 .debug_line    0x0000000000000000      0x10d build/kheap.o
 .debug_line    0x000000000000010d       0xfc build/syscall.o
 .debug_line    0x0000000000000209       0x67 build/init.o
 .debug_line    0x0000000000000270       0xf9 build/hw.o
 .debug_line    0x0000000000000369       0xfb build/uart.o
 .debug_line    0x0000000000000464       0x7e build/pwm.o
 .debug_line    0x00000000000004e2       0x9a build/sched.o
 .debug_line    0x000000000000057c       0x3d build/util.o
 .debug_line    0x00000000000005b9       0x4e build/asm_tools.o
 .debug_line    0x0000000000000607       0xc7 build/kmain.o

.debug_str      0x0000000000000000      0x4a5
 .debug_str     0x0000000000000000      0x170 build/kheap.o
                                        0x1ab (size before relaxing)
 .debug_str     0x0000000000000170       0xcc build/syscall.o
                                        0x1d2 (size before relaxing)
 .debug_str     0x000000000000023c       0xe7 build/hw.o
                                        0x1d2 (size before relaxing)
 .debug_str     0x0000000000000323       0xcb build/uart.o
                                        0x186 (size before relaxing)
 .debug_str     0x00000000000003ee       0x36 build/pwm.o
                                         0xf3 (size before relaxing)
 .debug_str     0x0000000000000424       0x25 build/sched.o
                                        0x109 (size before relaxing)
 .debug_str     0x0000000000000449       0x26 build/util.o
                                         0x5d (size before relaxing)
 .debug_str     0x000000000000046f       0x36 build/kmain.o
                                        0x10a (size before relaxing)

.comment        0x0000000000000000       0x11
 .comment       0x0000000000000000       0x11 build/kheap.o
                                         0x12 (size before relaxing)
 .comment       0x0000000000000000       0x12 build/syscall.o
 .comment       0x0000000000000000       0x12 build/hw.o
 .comment       0x0000000000000000       0x12 build/uart.o
 .comment       0x0000000000000000       0x12 build/pwm.o
 .comment       0x0000000000000000       0x12 build/sched.o
 .comment       0x0000000000000000       0x12 build/util.o
 .comment       0x0000000000000000       0x12 build/kmain.o

.ARM.attributes
                0x0000000000000000       0x3e
 .ARM.attributes
                0x0000000000000000       0x40 build/kheap.o
 .ARM.attributes
                0x0000000000000040       0x40 build/syscall.o
 .ARM.attributes
                0x0000000000000080       0x28 build/init.o
 .ARM.attributes
                0x00000000000000a8       0x40 build/hw.o
 .ARM.attributes
                0x00000000000000e8       0x40 build/uart.o
 .ARM.attributes
                0x0000000000000128       0x40 build/pwm.o
 .ARM.attributes
                0x0000000000000168       0x40 build/sched.o
 .ARM.attributes
                0x00000000000001a8       0x40 build/util.o
 .ARM.attributes
                0x00000000000001e8       0x28 build/asm_tools.o
 .ARM.attributes
                0x0000000000000210       0x40 build/kmain.o

.debug_frame    0x0000000000000000      0x44c
 .debug_frame   0x0000000000000000       0x84 build/kheap.o
 .debug_frame   0x0000000000000084       0xec build/syscall.o
 .debug_frame   0x0000000000000170      0x14c build/hw.o
 .debug_frame   0x00000000000002bc       0xa0 build/uart.o
 .debug_frame   0x000000000000035c       0x54 build/pwm.o
 .debug_frame   0x00000000000003b0       0x20 build/sched.o
 .debug_frame   0x00000000000003d0       0x24 build/util.o
 .debug_frame   0x00000000000003f4       0x58 build/kmain.o
